╭──────────────────────────────────────────────────────────────────────────────────────────────────╮
│   All   │   Modified (1)   │   Unmanaged   │   Ignored   │   Doctor   │   Help                   │
│ .config/btop/btop.conf  +1  −1                                                                   │
│ target (chezmoi)  vs  live (filesystem)                                                          │
│ ╭─────────────────────────────────────────────╮ ╭─────────────────────────────────────────────╮  │
│ │    1 abcdefghijabcdefghijabcdefghijabcdefg› │ │    1 abcdefghijabcdefghijabcdefghijabcdefg› │  │
│ ╰─────────────────────────────────────────────╯ ╰─────────────────────────────────────────────╯  │
│                                                                                                  │
│                                                                                                  │
│                                                                                                  │
│                                                                                                  │
│                                                                                                  │
│                                                                                                  │
│                                                                                                  │
│                                                                                                  │
│ ↑/↓ scroll · ⇧←/⇧→ pan · w wrap · U unified · r re-add · esc back                                │
╰──────────────────────────────────────────────────────────────────────────────────────────────────╯
