╭──────────────────────────────────────────────────────────────────────────────────────────────────╮
│  All  │  Modified (1)  │  Unmanaged  │  Ignored  │  Source  │  Doctor  │  Help                   │
│ .config/btop/btop.conf  +1  −1                                                                   │
│ target (chezmoi)  vs  live (filesystem)                                                          │
│ ╭─────────────────────────────────────────────╮ ╭─────────────────────────────────────────────╮  │
│ │    1 abcdefghijabcdefghijabcdefghijabcdefgh │ │    1 abcdefghijabcdefghijabcdefghijabcdefgh │  │
│ │      ijabcdefghijabcdefghijabcdefghijabcdef │ │      ijabcdefghijabcdefghijabcdefghijabcdef │  │
│ │      ghij                                   │ │      ghijXXXX                               │  │
│ ╰─────────────────────────────────────────────╯ ╰─────────────────────────────────────────────╯  │
│                                                                                                  │
│                                                                                                  │
│                                                                                                  │
│                                                                                                  │
│                                                                                                  │
│                                                                                                  │
│ ↑/↓ scroll · w no-wrap · U unified · r re-add · a apply · esc back                               │
╰──────────────────────────────────────────────────────────────────────────────────────────────────╯
