╭──────────────────────────────────────────────────────────────────────────────────────────────────╮
│   All   │   Modified (1)   │   Unmanaged   │   Ignored   │   Doctor   │   Help                   │
│ Doctor  ● 1 ok   ● 1 warn   ● 2 failed                                                           │
│                                                                                                  │
│   ok       version                  v2.73.0                                                      │
│   info     config-file              not found                                                    │
│   error    source-dir               no such file or directory                                    │
│   failed   hardlink                 not supported                                                │
│                                                                                                  │
│ ↑/↓ scroll · R re-run · tab switch · q quit                                                      │
╰──────────────────────────────────────────────────────────────────────────────────────────────────╯
