╭──────────────────────────────────────────────────────────────────────────────────────────────────╮
│   All   │   Modified   │   Help                                                                  │
│ error: read status                                                                               │
│                                                                                                  │
│   detail   chezmoi status: permission denied                                                     │
│                                                                                                  │
│ [R] reload   [q] quit                                                                            │
╰──────────────────────────────────────────────────────────────────────────────────────────────────╯
