╭──────────────────────────────────────────────────────────────────────────────────────────────────╮
│  All  │  Modified (1)  │  Unmanaged  │  Ignored (1)  │  Source  │  Doctor  │  Help               │
│ Ignored  1                                                                                       │
│                                                                                                  │
│     .cache/appstate                                                                              │
│                                                                                                  │
│ ignored by chezmoi (see .chezmoiignore)                                                          │
│ ↑/↓ scroll · R refresh · tab switch · q quit                                                     │
╰──────────────────────────────────────────────────────────────────────────────────────────────────╯
