╭──────────────────────────────────────────────────────────────────────────────────────────────────╮
│   All   │   Modified (1)   │   Help                                                              │
│ ● 1 modified  + 1 add  − 0 delete  · 1 clean                                                     │
│                                                                                                  │
│ Modified                                                                                         │
│     ●  .config/btop/btop.conf t                                                                  │
│ Will add                                                                                         │
│     +  .bashrc p                                                                                 │
│ Clean                                                                                            │
│     ·  .vimrc                                                                                    │
│                                                                                                  │
│ /home/u/.config/btop/btop.conf  template                                                         │
│ enter view · / filter · r re-add · a apply · u undo · ? help · q quit                            │
╰──────────────────────────────────────────────────────────────────────────────────────────────────╯
