╭──────────────────────────────────────────────────────────────────────────────────────────────────╮
│   All   │   Modified (1)   │   Help                                                              │
│ ● 1 modified  + 1 add  − 0 delete  · 1 clean                                                     │
│                                                                                                  │
│ Modified                                                                                         │
│     ●  .config/btop/btop.conf                                                                    │
│ Will add                                                                                         │
│     +  .bashrc                                                                                   │
│ Clean                                                                                            │
│     ·  .vimrc                                                                                    │
│                                                                                                  │
│ /home/u/.config/btop/btop.conf                                                                   │
│ enter view · space select · tab switch · r re-add · S session · ? help · q quit                  │
╰──────────────────────────────────────────────────────────────────────────────────────────────────╯
