╭──────────────────────────────────────────────────────────────────────────────────────────────────╮
│ ⚡ Sync session  repo · main  3 uncommitted                                                      │
│ Reviewing 1 of 2 — .bashrc  +1  −1   0 done · 2 left                                             │
│ ╭─────────────────────────────────────────────╮ ╭─────────────────────────────────────────────╮  │
│ │    1 target line                            │ │    ~                                        │  │
│ │    ~                                        │ │    1 live line                              │  │
│ ╰─────────────────────────────────────────────╯ ╰─────────────────────────────────────────────╯  │
│                                                                                                  │
│                                                                                                  │
│                                                                                                  │
│                                                                                                  │
│                                                                                                  │
│                                                                                                  │
│                                                                                                  │
│                                                                                                  │
│                                                                                                  │
│                                                                                                  │
│                                                                                                  │
│                                                                                                  │
│                                                                                                  │
│                                                                                                  │
│                                                                                                  │
│ [k] keep live   [v] revert   [s] skip   [←] back   [q/esc] end session                           │
╰──────────────────────────────────────────────────────────────────────────────────────────────────╯
