╭──────────────────────────────────────────────────────────────────────────────────────────────────╮
│   All   │   Modified (1)   │   Help                                                              │
│ .config/btop/btop.conf  +2  −1                                                                   │
│ target (chezmoi)  vs  live (filesystem)                                                          │
│ ╭─────────────────────────────────────────────╮ ╭─────────────────────────────────────────────╮  │
│ │    1 alpha                                  │ │    1 alpha                                  │  │
│ │    2 bravo                                  │ │    ~                                        │  │
│ │    ~                                        │ │    2 BRAVO                                  │  │
│ │    3 charlie                                │ │    3 charlie                                │  │
│ │    ~                                        │ │    4 delta                                  │  │
│ ╰─────────────────────────────────────────────╯ ╰─────────────────────────────────────────────╯  │
│                                                                                                  │
│                                                                                                  │
│                                                                                                  │
│                                                                                                  │
│                                                                                                  │
│                                                                                                  │
│                                                                                                  │
│                                                                                                  │
│ ↑/↓ scroll · [/] hunk · U unified · r re-add · a apply · esc back                                │
╰──────────────────────────────────────────────────────────────────────────────────────────────────╯
