╭──────────────────────────────────────────────────────────────────────────────────────────────────╮
│  All  │  Modified (1)  │  Unmanaged (2)  │  Ignored (1)  │  Source (2)  │  Doctor  │  Help       │
│ Source  main → origin/main  ↑2                                                                   │
│                                                                                                  │
│    M modified  dot_bashrc                                                                        │
│   ?? untracked dot_zshrc                                                                         │
│                                                                                                  │
│ c commit · P push · R refresh                                                                    │
│ ↑/↓ scroll · c commit · P push · R refresh · q quit                                              │
╰──────────────────────────────────────────────────────────────────────────────────────────────────╯
