╭──────────────────────────────────────────────────────────────────────────────────────────────────╮
│   All   │   Modified (1)   │   Unmanaged (2)   │   Ignored   │   Doctor   │   Help               │
│ Unmanaged  2                                                                                     │
│                                                                                                  │
│     .zshrc                                                                                       │
│     .config/newapp/config                                                                        │
│                                                                                                  │
│ unmanaged files — press space to select, A to add to source                                      │
│ space select · A add to source · R refresh · tab switch · q quit                                 │
╰──────────────────────────────────────────────────────────────────────────────────────────────────╯
