╭──────────────────────────────────────────────────────────────────────────────────────────────────╮
│   All   │   Modified (1)   │   Unmanaged   │   Ignored   │   Doctor   │   Help                   │
│ .config/btop/btop.conf  +2  −2                                                                   │
│ target (chezmoi)  vs  live (filesystem)                                                          │
│ ╭─────────────────────────────────────────────╮ ╭─────────────────────────────────────────────╮  │
│ │    1 export EDITOR=vi                       │ │    1 export EDITOR=nvim                     │  │
│ │    2 PATH=/usr/bin                          │ │    2 PATH=/usr/local/bin                    │  │
│ │    3 unchanged line                         │ │    3 unchanged line                         │  │
│ ╰─────────────────────────────────────────────╯ ╰─────────────────────────────────────────────╯  │
│                                                                                                  │
│                                                                                                  │
│                                                                                                  │
│                                                                                                  │
│                                                                                                  │
│                                                                                                  │
│                                                                                                  │
│                                                                                                  │
│                                                                                                  │
│                                                                                                  │
│ ↑/↓ scroll · ⇧←/⇧→ pan · w wrap · U unified · r re-add · esc back                                │
╰──────────────────────────────────────────────────────────────────────────────────────────────────╯
